[debug] [2026-06-02T19:16:09.279Z] ----------------------------------------------------------------------
[debug] [2026-06-02T19:16:09.284Z] Command:       C:\Program Files\nodejs\node.exe C:\Users\DShashu\AppData\Roaming\npm\node_modules\firebase-tools\lib\bin\firebase.js init hosting
[debug] [2026-06-02T19:16:09.284Z] CLI Version:   15.18.0
[debug] [2026-06-02T19:16:09.284Z] Platform:      win32
[debug] [2026-06-02T19:16:09.284Z] Node Version:  v24.15.0
[debug] [2026-06-02T19:16:09.285Z] Time:          Tue Jun 02 2026 22:16:09 GMT+0300 (East Africa Time)
[debug] [2026-06-02T19:16:09.285Z] ----------------------------------------------------------------------
[debug] 
[debug] [2026-06-02T19:16:09.288Z] >>> [apiv2][query] GET https://firebase-public.firebaseio.com/cli.json [none]
[info] 
     ######## #### ########  ######## ########     ###     ######  ########
     ##        ##  ##     ## ##       ##     ##  ##   ##  ##       ##
     ######    ##  ########  ######   ########  #########  ######  ######
     ##        ##  ##    ##  ##       ##     ## ##     ##       ## ##
     ##       #### ##     ## ######## ########  ##     ##  ######  ########

You're about to initialize a Firebase project in this directory:

  C:\Users\DShashu\Desktop\jahawidevs-site

[debug] [2026-06-02T19:16:13.234Z] <<< [apiv2][status] GET https://firebase-public.firebaseio.com/cli.json 200
[debug] [2026-06-02T19:16:13.235Z] <<< [apiv2][body] GET https://firebase-public.firebaseio.com/cli.json {"cloudBuildErrorAfter":1594252800000,"cloudBuildWarnAfter":1590019200000,"defaultNode10After":1594252800000,"minVersion":"3.0.5","node8DeploysDisabledAfter":1613390400000,"node8RuntimeDisabledAfter":1615809600000,"node8WarnAfter":1600128000000}
[info] 
=== Project Setup
[info] 
[info] First, let's associate this project directory with a Firebase project.
[info] You can create multiple project aliases by running firebase use --add, 
[info] 
[info] i  If you want to create a project in a Google Cloud organization or folder, please use "firebase projects:create" instead, and return to this command when you've created the project. 
[debug] [2026-06-02T19:16:23.926Z] > command requires scopes: ["email","openid","https://www.googleapis.com/auth/cloudplatformprojects.readonly","https://www.googleapis.com/auth/firebase","https://www.googleapis.com/auth/cloud-platform"]
[debug] [2026-06-02T19:16:23.927Z] > authorizing via signed-in user (vicohawi@gmail.com)
[debug] [2026-06-02T19:19:34.999Z] ----------------------------------------------------------------------
[debug] [2026-06-02T19:19:35.004Z] Command:       C:\Program Files\nodejs\node.exe C:\Users\DShashu\AppData\Roaming\npm\node_modules\firebase-tools\lib\bin\firebase.js init hosting
[debug] [2026-06-02T19:19:35.005Z] CLI Version:   15.18.0
[debug] [2026-06-02T19:19:35.005Z] Platform:      win32
[debug] [2026-06-02T19:19:35.005Z] Node Version:  v24.15.0
[debug] [2026-06-02T19:19:35.005Z] Time:          Tue Jun 02 2026 22:19:35 GMT+0300 (East Africa Time)
[debug] [2026-06-02T19:19:35.005Z] ----------------------------------------------------------------------
[debug] 
[info] 
     ######## #### ########  ######## ########     ###     ######  ########
     ##        ##  ##     ## ##       ##     ##  ##   ##  ##       ##
     ######    ##  ########  ######   ########  #########  ######  ######
     ##        ##  ##    ##  ##       ##     ## ##     ##       ## ##
     ##       #### ##     ## ######## ########  ##     ##  ######  ########

You're about to initialize a Firebase project in this directory:

  C:\Users\DShashu\Desktop\jahawidevs-site

[info] 
=== Project Setup
[info] 
[info] First, let's associate this project directory with a Firebase project.
[info] You can create multiple project aliases by running firebase use --add, 
[info] 
[debug] [2026-06-02T19:19:42.235Z] > command requires scopes: ["email","openid","https://www.googleapis.com/auth/cloudplatformprojects.readonly","https://www.googleapis.com/auth/firebase","https://www.googleapis.com/auth/cloud-platform"]
[debug] [2026-06-02T19:19:42.235Z] > authorizing via signed-in user (vicohawi@gmail.com)
[debug] [2026-06-02T19:19:42.237Z] Checked if tokens are valid: false, expires at: 1779719131580
[debug] [2026-06-02T19:19:42.237Z] Checked if tokens are valid: false, expires at: 1779719131580
[debug] [2026-06-02T19:19:42.237Z] > refreshing access token with scopes: []
[debug] [2026-06-02T19:19:42.239Z] >>> [apiv2][query] POST https://www.googleapis.com/oauth2/v3/token [none]
[debug] [2026-06-02T19:19:42.240Z] >>> [apiv2][body] POST https://www.googleapis.com/oauth2/v3/token [omitted]
[debug] [2026-06-02T19:19:42.584Z] <<< [apiv2][status] POST https://www.googleapis.com/oauth2/v3/token 200
[debug] [2026-06-02T19:19:42.584Z] <<< [apiv2][body] POST https://www.googleapis.com/oauth2/v3/token [omitted]
[debug] [2026-06-02T19:19:42.598Z] >>> [apiv2][query] GET https://firebase.googleapis.com/v1beta1/projects pageSize=100
[debug] [2026-06-02T19:19:43.302Z] <<< [apiv2][status] GET https://firebase.googleapis.com/v1beta1/projects 200
[debug] [2026-06-02T19:19:43.302Z] <<< [apiv2][body] GET https://firebase.googleapis.com/v1beta1/projects [omitted]
[info] 
=== Hosting Setup
[debug] [2026-06-02T19:19:48.891Z] Checked if tokens are valid: true, expires at: 1780431581584
[debug] [2026-06-02T19:19:48.891Z] Checked if tokens are valid: true, expires at: 1780431581584
[debug] [2026-06-02T19:19:48.891Z] >>> [apiv2][query] GET https://firebase.googleapis.com/v1beta1/projects/jahawidevs [none]
[debug] [2026-06-02T19:19:49.361Z] <<< [apiv2][status] GET https://firebase.googleapis.com/v1beta1/projects/jahawidevs 200
[debug] [2026-06-02T19:19:49.361Z] <<< [apiv2][body] GET https://firebase.googleapis.com/v1beta1/projects/jahawidevs {"projectId":"jahawidevs","projectNumber":"125704885349","displayName":"JahawiDevs","name":"projects/jahawidevs","resources":{"hostingSite":"jahawidevs"},"state":"ACTIVE","etag":"1_9db75db3-0afc-48ad-ae4d-8cb7bd601dab"}
[info] 
[info] Your public directory is the folder (relative to your project directory) that
[info] will contain Hosting assets to be uploaded with firebase deploy. If you
[info] have a build process for your assets, use your build's output directory.
[info] 
